// Jest Snapshot v1, https://goo.gl/fbAQLP

exports[`<Main /> should render the heading 1`] = `
<main
  class="styles__Wrapper-sc-1fpvr54-0 gBYPvh"
>
  <img
    alt="Imagem de um átomo e React Avançado escrito ao lado"
    class="styles__Logo-sc-1fpvr54-1 gAOAsa"
    src="/img/logo.svg"
  />
  <h1
    class="styles__Title-sc-1fpvr54-2 eyXZvs"
  >
    React Avançado
  </h1>
  <h2
    class="styles__Description-sc-1fpvr54-3 huGEFf"
  >
    TypeScript, ReactJS, NextJs e Styled Components
  </h2>
  <img
    alt="Um desenvolvedor de frente para uma tela com código"
    class="styles__Ilustration-sc-1fpvr54-4 gxPqyS"
    src="/img/hero-illustration.svg"
  />
</main>
`
